// Jest Snapshot v1, https://goo.gl/fbAQLP

exports[`should renders the Logo component 1`] = `[Function]`;
