// Jest Snapshot v1, https://goo.gl/fbAQLP

exports[`should renders the Header component 1`] = `[Function]`;
